Archive member included to satisfy reference by file (symbol)

c:/st/stm32cubeide_1.11.0/stm32cubeide/plugins/com.st.stm32cube.ide.mcu.externaltools.gnu-tools-for-stm32.10.3-2021.10.win32_1.0.100.202210260954/tools/bin/../lib/gcc/arm-none-eabi/10.3.1/../../../../arm-none-eabi/lib/thumb/v7e-m+fp/hard\libc_nano.a(lib_a-errno.o)
                              ./Core/Src/syscalls.o (__errno)
c:/st/stm32cubeide_1.11.0/stm32cubeide/plugins/com.st.stm32cube.ide.mcu.externaltools.gnu-tools-for-stm32.10.3-2021.10.win32_1.0.100.202210260954/tools/bin/../lib/gcc/arm-none-eabi/10.3.1/../../../../arm-none-eabi/lib/thumb/v7e-m+fp/hard\libc_nano.a(lib_a-exit.o)
                              c:/st/stm32cubeide_1.11.0/stm32cubeide/plugins/com.st.stm32cube.ide.mcu.externaltools.gnu-tools-for-stm32.10.3-2021.10.win32_1.0.100.202210260954/tools/bin/../lib/gcc/arm-none-eabi/10.3.1/../../../../arm-none-eabi/lib/thumb/v7e-m+fp/hard/crt0.o (exit)
c:/st/stm32cubeide_1.11.0/stm32cubeide/plugins/com.st.stm32cube.ide.mcu.externaltools.gnu-tools-for-stm32.10.3-2021.10.win32_1.0.100.202210260954/tools/bin/../lib/gcc/arm-none-eabi/10.3.1/../../../../arm-none-eabi/lib/thumb/v7e-m+fp/hard\libc_nano.a(lib_a-impure.o)
                              c:/st/stm32cubeide_1.11.0/stm32cubeide/plugins/com.st.stm32cube.ide.mcu.externaltools.gnu-tools-for-stm32.10.3-2021.10.win32_1.0.100.202210260954/tools/bin/../lib/gcc/arm-none-eabi/10.3.1/../../../../arm-none-eabi/lib/thumb/v7e-m+fp/hard\libc_nano.a(lib_a-exit.o) (_global_impure_ptr)
c:/st/stm32cubeide_1.11.0/stm32cubeide/plugins/com.st.stm32cube.ide.mcu.externaltools.gnu-tools-for-stm32.10.3-2021.10.win32_1.0.100.202210260954/tools/bin/../lib/gcc/arm-none-eabi/10.3.1/../../../../arm-none-eabi/lib/thumb/v7e-m+fp/hard\libc_nano.a(lib_a-init.o)
                              c:/st/stm32cubeide_1.11.0/stm32cubeide/plugins/com.st.stm32cube.ide.mcu.externaltools.gnu-tools-for-stm32.10.3-2021.10.win32_1.0.100.202210260954/tools/bin/../lib/gcc/arm-none-eabi/10.3.1/../../../../arm-none-eabi/lib/thumb/v7e-m+fp/hard/crt0.o (__libc_init_array)
c:/st/stm32cubeide_1.11.0/stm32cubeide/plugins/com.st.stm32cube.ide.mcu.externaltools.gnu-tools-for-stm32.10.3-2021.10.win32_1.0.100.202210260954/tools/bin/../lib/gcc/arm-none-eabi/10.3.1/../../../../arm-none-eabi/lib/thumb/v7e-m+fp/hard\libc_nano.a(lib_a-memset.o)
                              c:/st/stm32cubeide_1.11.0/stm32cubeide/plugins/com.st.stm32cube.ide.mcu.externaltools.gnu-tools-for-stm32.10.3-2021.10.win32_1.0.100.202210260954/tools/bin/../lib/gcc/arm-none-eabi/10.3.1/../../../../arm-none-eabi/lib/thumb/v7e-m+fp/hard/crt0.o (memset)
c:/st/stm32cubeide_1.11.0/stm32cubeide/plugins/com.st.stm32cube.ide.mcu.externaltools.gnu-tools-for-stm32.10.3-2021.10.win32_1.0.100.202210260954/tools/bin/../lib/gcc/arm-none-eabi/10.3.1/../../../../arm-none-eabi/lib/thumb/v7e-m+fp/hard\libc_nano.a(lib_a-strlen.o)
                              ./Core/Src/font.o (strlen)

Discarded input sections

 .text          0x0000000000000000        0x0 c:/st/stm32cubeide_1.11.0/stm32cubeide/plugins/com.st.stm32cube.ide.mcu.externaltools.gnu-tools-for-stm32.10.3-2021.10.win32_1.0.100.202210260954/tools/bin/../lib/gcc/arm-none-eabi/10.3.1/thumb/v7e-m+fp/hard/crti.o
 .data          0x0000000000000000        0x0 c:/st/stm32cubeide_1.11.0/stm32cubeide/plugins/com.st.stm32cube.ide.mcu.externaltools.gnu-tools-for-stm32.10.3-2021.10.win32_1.0.100.202210260954/tools/bin/../lib/gcc/arm-none-eabi/10.3.1/thumb/v7e-m+fp/hard/crti.o
 .bss           0x0000000000000000        0x0 c:/st/stm32cubeide_1.11.0/stm32cubeide/plugins/com.st.stm32cube.ide.mcu.externaltools.gnu-tools-for-stm32.10.3-2021.10.win32_1.0.100.202210260954/tools/bin/../lib/gcc/arm-none-eabi/10.3.1/thumb/v7e-m+fp/hard/crti.o
 .data          0x0000000000000000        0x4 c:/st/stm32cubeide_1.11.0/stm32cubeide/plugins/com.st.stm32cube.ide.mcu.externaltools.gnu-tools-for-stm32.10.3-2021.10.win32_1.0.100.202210260954/tools/bin/../lib/gcc/arm-none-eabi/10.3.1/thumb/v7e-m+fp/hard/crtbegin.o
 .rodata        0x0000000000000000       0x24 c:/st/stm32cubeide_1.11.0/stm32cubeide/plugins/com.st.stm32cube.ide.mcu.externaltools.gnu-tools-for-stm32.10.3-2021.10.win32_1.0.100.202210260954/tools/bin/../lib/gcc/arm-none-eabi/10.3.1/thumb/v7e-m+fp/hard/crtbegin.o
 .text          0x0000000000000000       0x7c c:/st/stm32cubeide_1.11.0/stm32cubeide/plugins/com.st.stm32cube.ide.mcu.externaltools.gnu-tools-for-stm32.10.3-2021.10.win32_1.0.100.202210260954/tools/bin/../lib/gcc/arm-none-eabi/10.3.1/../../../../arm-none-eabi/lib/thumb/v7e-m+fp/hard/crt0.o
 .data          0x0000000000000000        0x0 c:/st/stm32cubeide_1.11.0/stm32cubeide/plugins/com.st.stm32cube.ide.mcu.externaltools.gnu-tools-for-stm32.10.3-2021.10.win32_1.0.100.202210260954/tools/bin/../lib/gcc/arm-none-eabi/10.3.1/../../../../arm-none-eabi/lib/thumb/v7e-m+fp/hard/crt0.o
[...]
Memory Configuration

Name             Origin             Length             Attributes
RAM              0x0000000020000000 0x0000000000018000 xrw
RAM2             0x0000000010000000 0x0000000000008000 xrw
FLASH            0x0000000008000000 0x0000000000100000 xr
*default*        0x0000000000000000 0xffffffffffffffff

Linker script and memory map

LOAD c:/st/stm32cubeide_1.11.0/stm32cubeide/plugins/com.st.stm32cube.ide.mcu.externaltools.gnu-tools-for-stm32.10.3-2021.10.win32_1.0.100.202210260954/tools/bin/../lib/gcc/arm-none-eabi/10.3.1/thumb/v7e-m+fp/hard/crti.o
LOAD c:/st/stm32cubeide_1.11.0/stm32cubeide/plugins/com.st.stm32cube.ide.mcu.externaltools.gnu-tools-for-stm32.10.3-2021.10.win32_1.0.100.202210260954/tools/bin/../lib/gcc/arm-none-eabi/10.3.1/thumb/v7e-m+fp/hard/crtbegin.o
LOAD c:/st/stm32cubeide_1.11.0/stm32cubeide/plugins/com.st.stm32cube.ide.mcu.externaltools.gnu-tools-for-stm32.10.3-2021.10.win32_1.0.100.202210260954/tools/bin/../lib/gcc/arm-none-eabi/10.3.1/../../../../arm-none-eabi/lib/thumb/v7e-m+fp/hard/crt0.o
LOAD ./Core/Src/display.o
LOAD ./Core/Src/font.o
LOAD ./Core/Src/gpio.o
LOAD ./Core/Src/i2c.o
LOAD ./Core/Src/main.o
LOAD ./Core/Src/ssd1306.o
LOAD ./Core/Src/stm32l4xx_hal_msp.o
LOAD ./Core/Src/stm32l4xx_it.o
LOAD ./Core/Src/syscalls.o
LOAD ./Core/Src/sysmem.o
LOAD ./Core/Src/system_stm32l4xx.o
LOAD ./Core/Startup/startup_stm32l476rgtx.o
LOAD ./Drivers/STM32L4xx_HAL_Driver/Src/stm32l4xx_hal.o
LOAD ./Drivers/STM32L4xx_HAL_Driver/Src/stm32l4xx_hal_cortex.o
LOAD ./Drivers/STM32L4xx_HAL_Driver/Src/stm32l4xx_hal_dma.o
LOAD ./Drivers/STM32L4xx_HAL_Driver/Src/stm32l4xx_hal_dma_ex.o
LOAD ./Drivers/STM32L4xx_HAL_Driver/Src/stm32l4xx_hal_exti.o
LOAD ./Drivers/STM32L4xx_HAL_Driver/Src/stm32l4xx_hal_flash.o
LOAD ./Drivers/STM32L4xx_HAL_Driver/Src/stm32l4xx_hal_flash_ex.o
LOAD ./Drivers/STM32L4xx_HAL_Driver/Src/stm32l4xx_hal_flash_ramfunc.o
LOAD ./Drivers/STM32L4xx_HAL_Driver/Src/stm32l4xx_hal_gpio.o
LOAD ./Drivers/STM32L4xx_HAL_Driver/Src/stm32l4xx_hal_i2c.o
LOAD ./Drivers/STM32L4xx_HAL_Driver/Src/stm32l4xx_hal_i2c_ex.o
LOAD ./Drivers/STM32L4xx_HAL_Driver/Src/stm32l4xx_hal_pwr.o
LOAD ./Drivers/STM32L4xx_HAL_Driver/Src/stm32l4xx_hal_pwr_ex.o
LOAD ./Drivers/STM32L4xx_HAL_Driver/Src/stm32l4xx_hal_rcc.o
LOAD ./Drivers/STM32L4xx_HAL_Driver/Src/stm32l4xx_hal_rcc_ex.o
LOAD ./Drivers/STM32L4xx_HAL_Driver/Src/stm32l4xx_hal_tim.o
LOAD ./Drivers/STM32L4xx_HAL_Driver/Src/stm32l4xx_hal_tim_ex.o
START GROUP
LOAD c:/st/stm32cubeide_1.11.0/stm32cubeide/plugins/com.st.stm32cube.ide.mcu.externaltools.gnu-tools-for-stm32.10.3-2021.10.win32_1.0.100.202210260954/tools/bin/../lib/gcc/arm-none-eabi/10.3.1/../../../../arm-none-eabi/lib/thumb/v7e-m+fp/hard\libc_nano.a
LOAD c:/st/stm32cubeide_1.11.0/stm32cubeide/plugins/com.st.stm32cube.ide.mcu.externaltools.gnu-tools-for-stm32.10.3-2021.10.win32_1.0.100.202210260954/tools/bin/../lib/gcc/arm-none-eabi/10.3.1/../../../../arm-none-eabi/lib/thumb/v7e-m+fp/hard\libm.a
END GROUP
START GROUP
LOAD c:/st/stm32cubeide_1.11.0/stm32cubeide/plugins/com.st.stm32cube.ide.mcu.externaltools.gnu-tools-for-stm32.10.3-2021.10.win32_1.0.100.202210260954/tools/bin/../lib/gcc/arm-none-eabi/10.3.1/thumb/v7e-m+fp/hard\libgcc.a
LOAD c:/st/stm32cubeide_1.11.0/stm32cubeide/plugins/com.st.stm32cube.ide.mcu.externaltools.gnu-tools-for-stm32.10.3-2021.10.win32_1.0.100.202210260954/tools/bin/../lib/gcc/arm-none-eabi/10.3.1/../../../../arm-none-eabi/lib/thumb/v7e-m+fp/hard\libc_nano.a
END GROUP
START GROUP
LOAD c:/st/stm32cubeide_1.11.0/stm32cubeide/plugins/com.st.stm32cube.ide.mcu.externaltools.gnu-tools-for-stm32.10.3-2021.10.win32_1.0.100.202210260954/tools/bin/../lib/gcc/arm-none-eabi/10.3.1/thumb/v7e-m+fp/hard\libgcc.a
LOAD c:/st/stm32cubeide_1.11.0/stm32cubeide/plugins/com.st.stm32cube.ide.mcu.externaltools.gnu-tools-for-stm32.10.3-2021.10.win32_1.0.100.202210260954/tools/bin/../lib/gcc/arm-none-eabi/10.3.1/../../../../arm-none-eabi/lib/thumb/v7e-m+fp/hard\libc_nano.a
LOAD c:/st/stm32cubeide_1.11.0/stm32cubeide/plugins/com.st.stm32cube.ide.mcu.externaltools.gnu-tools-for-stm32.10.3-2021.10.win32_1.0.100.202210260954/tools/bin/../lib/gcc/arm-none-eabi/10.3.1/../../../../arm-none-eabi/lib/thumb/v7e-m+fp/hard\libnosys.a
END GROUP
START GROUP
LOAD c:/st/stm32cubeide_1.11.0/stm32cubeide/plugins/com.st.stm32cube.ide.mcu.externaltools.gnu-tools-for-stm32.10.3-2021.10.win32_1.0.100.202210260954/tools/bin/../lib/gcc/arm-none-eabi/10.3.1/thumb/v7e-m+fp/hard\libgcc.a
LOAD c:/st/stm32cubeide_1.11.0/stm32cubeide/plugins/com.st.stm32cube.ide.mcu.externaltools.gnu-tools-for-stm32.10.3-2021.10.win32_1.0.100.202210260954/tools/bin/../lib/gcc/arm-none-eabi/10.3.1/../../../../arm-none-eabi/lib/thumb/v7e-m+fp/hard\libc_nano.a
LOAD c:/st/stm32cubeide_1.11.0/stm32cubeide/plugins/com.st.stm32cube.ide.mcu.externaltools.gnu-tools-for-stm32.10.3-2021.10.win32_1.0.100.202210260954/tools/bin/../lib/gcc/arm-none-eabi/10.3.1/../../../../arm-none-eabi/lib/thumb/v7e-m+fp/hard\libnosys.a
END GROUP
LOAD c:/st/stm32cubeide_1.11.0/stm32cubeide/plugins/com.st.stm32cube.ide.mcu.externaltools.gnu-tools-for-stm32.10.3-2021.10.win32_1.0.100.202210260954/tools/bin/../lib/gcc/arm-none-eabi/10.3.1/thumb/v7e-m+fp/hard/crtend.o
LOAD c:/st/stm32cubeide_1.11.0/stm32cubeide/plugins/com.st.stm32cube.ide.mcu.externaltools.gnu-tools-for-stm32.10.3-2021.10.win32_1.0.100.202210260954/tools/bin/../lib/gcc/arm-none-eabi/10.3.1/thumb/v7e-m+fp/hard/crtn.o
                0x0000000020018000                _estack = (ORIGIN (RAM) + LENGTH (RAM))
                0x0000000000000200                _Min_Heap_Size = 0x200
                0x0000000000000400                _Min_Stack_Size = 0x400

.isr_vector     0x0000000008000000      0x188
                0x0000000008000000                . = ALIGN (0x4)
 *(.isr_vector)
 .isr_vector    0x0000000008000000      0x188 ./Core/Startup/startup_stm32l476rgtx.o
                0x0000000008000000                g_pfnVectors
                0x0000000008000188                . = ALIGN (0x4)

.text           0x0000000008000188     0x3598
                0x0000000008000188                . = ALIGN (0x4)
 *(.text)
 .text          0x0000000008000188       0x40 c:/st/stm32cubeide_1.11.0/stm32cubeide/plugins/com.st.stm32cube.ide.mcu.externaltools.gnu-tools-for-stm32.10.3-2021.10.win32_1.0.100.202210260954/tools/bin/../lib/gcc/arm-none-eabi/10.3.1/thumb/v7e-m+fp/hard/crtbegin.o
 *(.text*)
 .text.DISPLAY_Init
                0x00000000080001c8       0x1a ./Core/Src/display.o
                0x00000000080001c8                DISPLAY_Init
 .text.DISPLAY_Clear
                0x00000000080001e2        0xe ./Core/Src/display.o
                0x00000000080001e2                DISPLAY_Clear
 .text.DISPLAY_Write_No_Clear
                0x00000000080001f0       0x50 ./Core/Src/display.o
                0x00000000080001f0                DISPLAY_Write_No_Clear
 .text.DISPLAY_Draw_Page
                0x0000000008000240       0x5e ./Core/Src/display.o
                0x0000000008000240                DISPLAY_Draw_Page
 *fill*         0x000000000800029e        0x2 
 .text.MX_GPIO_Init
                0x00000000080002a0       0xf8 ./Core/Src/gpio.o
                0x00000000080002a0                MX_GPIO_Init
 .text.HAL_GPIO_EXTI_Callback
                0x0000000008000398       0x48 ./Core/Src/gpio.o
                0x0000000008000398                HAL_GPIO_EXTI_Callback
 .text.MX_I2C2_Init
                0x00000000080003e0       0x80 ./Core/Src/i2c.o
                0x00000000080003e0                MX_I2C2_Init
 .text.HAL_I2C_MspInit
                0x0000000008000460       0xc0 ./Core/Src/i2c.o
                0x0000000008000460                HAL_I2C_MspInit
 .text.main     0x0000000008000520       0x84 ./Core/Src/main.o
                0x0000000008000520                main
 .text.SystemClock_Config
                0x00000000080005a4       0xa2 ./Core/Src/main.o
                0x00000000080005a4                SystemClock_Config
 *fill*         0x0000000008000646        0x2 
 .text.DISPLAY_Show_Test_Page
                0x0000000008000648       0x3c ./Core/Src/main.o
                0x0000000008000648                DISPLAY_Show_Test_Page
 .text.Error_Handler
                0x0000000008000684        0xa ./Core/Src/main.o
                0x0000000008000684                Error_Handler
 *fill*         0x000000000800068e        0x2 
 .text.SSD1306_Find_Device_Address
                0x0000000008000690       0x54 ./Core/Src/ssd1306.o
                0x0000000008000690                SSD1306_Find_Device_Address
 .text.SSD1306_Init
                0x00000000080006e4      0x36c ./Core/Src/ssd1306.o
                0x00000000080006e4                SSD1306_Init
 .text.SSD1306_Update_Screen
                0x0000000008000a50       0x98 ./Core/Src/ssd1306.o
                0x0000000008000a50                SSD1306_Update_Screen
 .text.SSD1306_Fill
                0x0000000008000ae8       0x60 ./Core/Src/ssd1306.o
                0x0000000008000ae8                SSD1306_Fill
 .text.SSD1306_Draw_Pixel
                0x0000000008000b48       0xc0 ./Core/Src/ssd1306.o
                0x0000000008000b48                SSD1306_Draw_Pixel
 .text.SSD1306_Go_To_XY
                0x0000000008000c08       0x2c ./Core/Src/ssd1306.o
                0x0000000008000c08                SSD1306_Go_To_XY
 .text.SSD1306_Put_Char
                0x0000000008000c34      0x10c ./Core/Src/ssd1306.o
                0x0000000008000c34                SSD1306_Put_Char
 .text.SSD1306_Put_String
                0x0000000008000d40       0x4a ./Core/Src/ssd1306.o
                0x0000000008000d40                SSD1306_Put_String
 .text.SSD1306_I2C_Write_Multi
                0x0000000008000d8a       0x2c ./Core/Src/ssd1306.o
                0x0000000008000d8a                SSD1306_I2C_Write_Multi
 .text.SSD1306_Send_Command
                0x0000000008000db6       0x3e ./Core/Src/ssd1306.o
                0x0000000008000db6                SSD1306_Send_Command
 .text.SSD1306_Send_Data
                0x0000000008000df4       0x3c ./Core/Src/ssd1306.o
                0x0000000008000df4                SSD1306_Send_Data
 .text.SSD1306_Send_Row_Data
                0x0000000008000e30       0x70 ./Core/Src/ssd1306.o
                0x0000000008000e30                SSD1306_Send_Row_Data
 .text.HAL_MspInit
                0x0000000008000ea0       0x48 ./Core/Src/stm32l4xx_hal_msp.o
                0x0000000008000ea0                HAL_MspInit
 .text.NMI_Handler
                0x0000000008000ee8        0x6 ./Core/Src/stm32l4xx_it.o
                0x0000000008000ee8                NMI_Handler
 .text.HardFault_Handler
                0x0000000008000eee        0x6 ./Core/Src/stm32l4xx_it.o
                0x0000000008000eee                HardFault_Handler
 .text.MemManage_Handler
                0x0000000008000ef4        0x6 ./Core/Src/stm32l4xx_it.o
                0x0000000008000ef4                MemManage_Handler
 .text.BusFault_Handler
                0x0000000008000efa        0x6 ./Core/Src/stm32l4xx_it.o
                0x0000000008000efa                BusFault_Handler
 .text.UsageFault_Handler
                0x0000000008000f00        0x6 ./Core/Src/stm32l4xx_it.o
                0x0000000008000f00                UsageFault_Handler
 .text.SVC_Handler
                0x0000000008000f06        0xe ./Core/Src/stm32l4xx_it.o
                0x0000000008000f06                SVC_Handler
 .text.DebugMon_Handler
                0x0000000008000f14        0xe ./Core/Src/stm32l4xx_it.o
                0x0000000008000f14                DebugMon_Handler
 .text.PendSV_Handler
                0x0000000008000f22        0xe ./Core/Src/stm32l4xx_it.o
                0x0000000008000f22                PendSV_Handler
 .text.SysTick_Handler
                0x0000000008000f30        0xc ./Core/Src/stm32l4xx_it.o
                0x0000000008000f30                SysTick_Handler
 .text.EXTI9_5_IRQHandler
                0x0000000008000f3c       0x18 ./Core/Src/stm32l4xx_it.o
                0x0000000008000f3c                EXTI9_5_IRQHandler
 .text.SystemInit
                0x0000000008000f54       0x24 ./Core/Src/system_stm32l4xx.o
                0x0000000008000f54                SystemInit
 .text.Reset_Handler
                0x0000000008000f78       0x50 ./Core/Startup/startup_stm32l476rgtx.o
                0x0000000008000f78                Reset_Handler
 .text.Default_Handler
                0x0000000008000fc8        0x2 ./Core/Startup/startup_stm32l476rgtx.o
                0x0000000008000fc8                RTC_Alarm_IRQHandler
                0x0000000008000fc8                EXTI2_IRQHandler
                0x0000000008000fc8                TIM8_TRG_COM_IRQHandler
                0x0000000008000fc8                TIM8_CC_IRQHandler
                0x0000000008000fc8                TIM1_CC_IRQHandler
                0x0000000008000fc8                TSC_IRQHandler
                0x0000000008000fc8                TAMP_STAMP_IRQHandler
                0x0000000008000fc8                EXTI3_IRQHandler
                0x0000000008000fc8                LPTIM2_IRQHandler
                0x0000000008000fc8                DFSDM1_FLT1_IRQHandler
                0x0000000008000fc8                I2C3_ER_IRQHandler
                0x0000000008000fc8                DFSDM1_FLT2_IRQHandler
                0x0000000008000fc8                EXTI0_IRQHandler
                0x0000000008000fc8                I2C2_EV_IRQHandler
                0x0000000008000fc8                CAN1_RX0_IRQHandler
                0x0000000008000fc8                FPU_IRQHandler
                0x0000000008000fc8                TIM1_UP_TIM16_IRQHandler
                0x0000000008000fc8                ADC1_2_IRQHandler
                0x0000000008000fc8                SPI1_IRQHandler
                0x0000000008000fc8                TIM6_DAC_IRQHandler
                0x0000000008000fc8                TIM8_UP_IRQHandler
                0x0000000008000fc8                DMA2_Channel2_IRQHandler
                0x0000000008000fc8                DMA1_Channel4_IRQHandler
                0x0000000008000fc8                SAI2_IRQHandler
                0x0000000008000fc8                DFSDM1_FLT3_IRQHandler
                0x0000000008000fc8                USART3_IRQHandler
                0x0000000008000fc8                DMA1_Channel7_IRQHandler
                0x0000000008000fc8                CAN1_RX1_IRQHandler
                0x0000000008000fc8                LCD_IRQHandler
                0x0000000008000fc8                UART5_IRQHandler
                0x0000000008000fc8                ADC3_IRQHandler
                0x0000000008000fc8                TIM4_IRQHandler
                0x0000000008000fc8                DMA2_Channel1_IRQHandler
                0x0000000008000fc8                QUADSPI_IRQHandler
                0x0000000008000fc8                I2C1_EV_IRQHandler
                0x0000000008000fc8                DMA1_Channel6_IRQHandler
                0x0000000008000fc8                UART4_IRQHandler
                0x0000000008000fc8                DMA2_Channel4_IRQHandler
                0x0000000008000fc8                TIM3_IRQHandler
                0x0000000008000fc8                RCC_IRQHandler
                0x0000000008000fc8                DMA1_Channel1_IRQHandler
                0x0000000008000fc8                Default_Handler
                0x0000000008000fc8                DMA2_Channel7_IRQHandler
                0x0000000008000fc8                EXTI15_10_IRQHandler
                0x0000000008000fc8                TIM7_IRQHandler
                0x0000000008000fc8                SDMMC1_IRQHandler
                0x0000000008000fc8                TIM5_IRQHandler
                0x0000000008000fc8                I2C3_EV_IRQHandler
                0x0000000008000fc8                RTC_WKUP_IRQHandler
                0x0000000008000fc8                PVD_PVM_IRQHandler
                0x0000000008000fc8                SPI2_IRQHandler
                0x0000000008000fc8                CAN1_TX_IRQHandler
                0x0000000008000fc8                DMA2_Channel5_IRQHandler
                0x0000000008000fc8                DMA1_Channel5_IRQHandler
                0x0000000008000fc8                EXTI4_IRQHandler
                0x0000000008000fc8                RNG_IRQHandler
                0x0000000008000fc8                TIM1_TRG_COM_TIM17_IRQHandler
                0x0000000008000fc8                DMA1_Channel3_IRQHandler
                0x0000000008000fc8                COMP_IRQHandler
                0x0000000008000fc8                WWDG_IRQHandler
                0x0000000008000fc8                LPUART1_IRQHandler
                0x0000000008000fc8                DMA2_Channel6_IRQHandler
                0x0000000008000fc8                TIM2_IRQHandler
                0x0000000008000fc8                EXTI1_IRQHandler
                0x0000000008000fc8                USART2_IRQHandler
                0x0000000008000fc8                DFSDM1_FLT0_IRQHandler
                0x0000000008000fc8                I2C2_ER_IRQHandler
                0x0000000008000fc8                DMA1_Channel2_IRQHandler
                0x0000000008000fc8                TIM8_BRK_IRQHandler
                0x0000000008000fc8                CAN1_SCE_IRQHandler
                0x0000000008000fc8                FLASH_IRQHandler
                0x0000000008000fc8                USART1_IRQHandler
                0x0000000008000fc8                OTG_FS_IRQHandler
                0x0000000008000fc8                SPI3_IRQHandler
                0x0000000008000fc8                I2C1_ER_IRQHandler
                0x0000000008000fc8                FMC_IRQHandler
                0x0000000008000fc8                SWPMI1_IRQHandler
                0x0000000008000fc8                LPTIM1_IRQHandler
                0x0000000008000fc8                SAI1_IRQHandler
                0x0000000008000fc8                DMA2_Channel3_IRQHandler
                0x0000000008000fc8                TIM1_BRK_TIM15_IRQHandler
 *fill*         0x0000000008000fca        0x2 
 .text.HAL_Init
                0x0000000008000fcc       0x40 ./Drivers/STM32L4xx_HAL_Driver/Src/stm32l4xx_hal.o
                0x0000000008000fcc                HAL_Init
 .text.HAL_InitTick
                0x000000000800100c       0x78 ./Drivers/STM32L4xx_HAL_Driver/Src/stm32l4xx_hal.o
                0x000000000800100c                HAL_InitTick
 .text.HAL_IncTick
                0x0000000008001084       0x28 ./Drivers/STM32L4xx_HAL_Driver/Src/stm32l4xx_hal.o
                0x0000000008001084                HAL_IncTick
 .text.HAL_GetTick
                0x00000000080010ac       0x18 ./Drivers/STM32L4xx_HAL_Driver/Src/stm32l4xx_hal.o
                0x00000000080010ac                HAL_GetTick
 .text.__NVIC_SetPriorityGrouping
                0x00000000080010c4       0x48 ./Drivers/STM32L4xx_HAL_Driver/Src/stm32l4xx_hal_cortex.o
 .text.__NVIC_GetPriorityGrouping
                0x000000000800110c       0x1c ./Drivers/STM32L4xx_HAL_Driver/Src/stm32l4xx_hal_cortex.o
 .text.__NVIC_EnableIRQ
                0x0000000008001128       0x3c ./Drivers/STM32L4xx_HAL_Driver/Src/stm32l4xx_hal_cortex.o
 .text.__NVIC_SetPriority
                0x0000000008001164       0x54 ./Drivers/STM32L4xx_HAL_Driver/Src/stm32l4xx_hal_cortex.o
 .text.NVIC_EncodePriority
                0x00000000080011b8       0x66 ./Drivers/STM32L4xx_HAL_Driver/Src/stm32l4xx_hal_cortex.o
 *fill*         0x000000000800121e        0x2 
 .text.SysTick_Config
                0x0000000008001220       0x44 ./Drivers/STM32L4xx_HAL_Driver/Src/stm32l4xx_hal_cortex.o
 .text.HAL_NVIC_SetPriorityGrouping
                0x0000000008001264       0x16 ./Drivers/STM32L4xx_HAL_Driver/Src/stm32l4xx_hal_cortex.o
                0x0000000008001264                HAL_NVIC_SetPriorityGrouping
 .text.HAL_NVIC_SetPriority
                0x000000000800127a       0x38 ./Drivers/STM32L4xx_HAL_Driver/Src/stm32l4xx_hal_cortex.o
                0x000000000800127a                HAL_NVIC_SetPriority
 .text.HAL_NVIC_EnableIRQ
                0x00000000080012b2       0x1c ./Drivers/STM32L4xx_HAL_Driver/Src/stm32l4xx_hal_cortex.o
                0x00000000080012b2                HAL_NVIC_EnableIRQ
 .text.HAL_SYSTICK_Config
                0x00000000080012ce       0x18 ./Drivers/STM32L4xx_HAL_Driver/Src/stm32l4xx_hal_cortex.o
                0x00000000080012ce                HAL_SYSTICK_Config
 *fill*         0x00000000080012e6        0x2 
 .text.HAL_GPIO_Init
                0x00000000080012e8      0x354 ./Drivers/STM32L4xx_HAL_Driver/Src/stm32l4xx_hal_gpio.o
                0x00000000080012e8                HAL_GPIO_Init
 .text.HAL_GPIO_WritePin
                0x000000000800163c       0x30 ./Drivers/STM32L4xx_HAL_Driver/Src/stm32l4xx_hal_gpio.o
                0x000000000800163c                HAL_GPIO_WritePin
 .text.HAL_GPIO_EXTI_IRQHandler
                0x000000000800166c       0x30 ./Drivers/STM32L4xx_HAL_Driver/Src/stm32l4xx_hal_gpio.o
                0x000000000800166c                HAL_GPIO_EXTI_IRQHandler
 .text.HAL_I2C_Init
                0x000000000800169c      0x11e ./Drivers/STM32L4xx_HAL_Driver/Src/stm32l4xx_hal_i2c.o
                0x000000000800169c                HAL_I2C_Init
 *fill*         0x00000000080017ba        0x2 
 .text.HAL_I2C_Master_Transmit
                0x00000000080017bc      0x1e8 ./Drivers/STM32L4xx_HAL_Driver/Src/stm32l4xx_hal_i2c.o
                0x00000000080017bc                HAL_I2C_Master_Transmit
 .text.HAL_I2C_IsDeviceReady
                0x00000000080019a4      0x20e ./Drivers/STM32L4xx_HAL_Driver/Src/stm32l4xx_hal_i2c.o
                0x00000000080019a4                HAL_I2C_IsDeviceReady
 .text.I2C_Flush_TXDR
                0x0000000008001bb2       0x48 ./Drivers/STM32L4xx_HAL_Driver/Src/stm32l4xx_hal_i2c.o
 .text.I2C_WaitOnFlagUntilTimeout
                0x0000000008001bfa       0x80 ./Drivers/STM32L4xx_HAL_Driver/Src/stm32l4xx_hal_i2c.o
 .text.I2C_WaitOnTXISFlagUntilTimeout
                0x0000000008001c7a       0x80 ./Drivers/STM32L4xx_HAL_Driver/Src/stm32l4xx_hal_i2c.o
 .text.I2C_WaitOnSTOPFlagUntilTimeout
                0x0000000008001cfa       0x78 ./Drivers/STM32L4xx_HAL_Driver/Src/stm32l4xx_hal_i2c.o
 *fill*         0x0000000008001d72        0x2 
 .text.I2C_IsErrorOccurred
                0x0000000008001d74      0x1d8 ./Drivers/STM32L4xx_HAL_Driver/Src/stm32l4xx_hal_i2c.o
 .text.I2C_TransferConfig
                0x0000000008001f4c       0x64 ./Drivers/STM32L4xx_HAL_Driver/Src/stm32l4xx_hal_i2c.o
 .text.HAL_I2CEx_ConfigAnalogFilter
                0x0000000008001fb0       0x96 ./Drivers/STM32L4xx_HAL_Driver/Src/stm32l4xx_hal_i2c_ex.o
                0x0000000008001fb0                HAL_I2CEx_ConfigAnalogFilter
 .text.HAL_I2CEx_ConfigDigitalFilter
                0x0000000008002046       0x98 ./Drivers/STM32L4xx_HAL_Driver/Src/stm32l4xx_hal_i2c_ex.o
                0x0000000008002046                HAL_I2CEx_ConfigDigitalFilter
 *fill*         0x00000000080020de        0x2 
 .text.HAL_PWREx_GetVoltageRange
                0x00000000080020e0       0x1c ./Drivers/STM32L4xx_HAL_Driver/Src/stm32l4xx_hal_pwr_ex.o
                0x00000000080020e0                HAL_PWREx_GetVoltageRange
 .text.HAL_PWREx_ControlVoltageScaling
                0x00000000080020fc       0xac ./Drivers/STM32L4xx_HAL_Driver/Src/stm32l4xx_hal_pwr_ex.o
                0x00000000080020fc                HAL_PWREx_ControlVoltageScaling
 .text.HAL_RCC_OscConfig
                0x00000000080021a8      0x7b8 ./Drivers/STM32L4xx_HAL_Driver/Src/stm32l4xx_hal_rcc.o
                0x00000000080021a8                HAL_RCC_OscConfig
 .text.HAL_RCC_ClockConfig
                0x0000000008002960      0x200 ./Drivers/STM32L4xx_HAL_Driver/Src/stm32l4xx_hal_rcc.o
                0x0000000008002960                HAL_RCC_ClockConfig
 .text.HAL_RCC_GetSysClockFreq
                0x0000000008002b60      0x118 ./Drivers/STM32L4xx_HAL_Driver/Src/stm32l4xx_hal_rcc.o
                0x0000000008002b60                HAL_RCC_GetSysClockFreq
 .text.RCC_SetFlashLatencyFromMSIRange
                0x0000000008002c78       0xc0 ./Drivers/STM32L4xx_HAL_Driver/Src/stm32l4xx_hal_rcc.o
 .text.HAL_RCCEx_PeriphCLKConfig
                0x0000000008002d38      0x5d4 ./Drivers/STM32L4xx_HAL_Driver/Src/stm32l4xx_hal_rcc_ex.o
                0x0000000008002d38                HAL_RCCEx_PeriphCLKConfig
 .text.RCCEx_PLLSAI1_Config
                0x000000000800330c      0x1e8 ./Drivers/STM32L4xx_HAL_Driver/Src/stm32l4xx_hal_rcc_ex.o
 .text.RCCEx_PLLSAI2_Config
                0x00000000080034f4      0x1bc ./Drivers/STM32L4xx_HAL_Driver/Src/stm32l4xx_hal_rcc_ex.o
 .text.__libc_init_array
                0x00000000080036b0       0x48 c:/st/stm32cubeide_1.11.0/stm32cubeide/plugins/com.st.stm32cube.ide.mcu.externaltools.gnu-tools-for-stm32.10.3-2021.10.win32_1.0.100.202210260954/tools/bin/../lib/gcc/arm-none-eabi/10.3.1/../../../../arm-none-eabi/lib/thumb/v7e-m+fp/hard\libc_nano.a(lib_a-init.o)
                0x00000000080036b0                __libc_init_array
 .text.memset   0x00000000080036f8       0x10 c:/st/stm32cubeide_1.11.0/stm32cubeide/plugins/com.st.stm32cube.ide.mcu.externaltools.gnu-tools-for-stm32.10.3-2021.10.win32_1.0.100.202210260954/tools/bin/../lib/gcc/arm-none-eabi/10.3.1/../../../../arm-none-eabi/lib/thumb/v7e-m+fp/hard\libc_nano.a(lib_a-memset.o)
                0x00000000080036f8                memset
 *(.glue_7)
 .glue_7        0x0000000008003708        0x0 linker stubs
 *(.glue_7t)
 .glue_7t       0x0000000008003708        0x0 linker stubs
 *(.eh_frame)
 .eh_frame      0x0000000008003708        0x0 c:/st/stm32cubeide_1.11.0/stm32cubeide/plugins/com.st.stm32cube.ide.mcu.externaltools.gnu-tools-for-stm32.10.3-2021.10.win32_1.0.100.202210260954/tools/bin/../lib/gcc/arm-none-eabi/10.3.1/thumb/v7e-m+fp/hard/crtbegin.o
 *(.init)
 .init          0x0000000008003708        0x4 c:/st/stm32cubeide_1.11.0/stm32cubeide/plugins/com.st.stm32cube.ide.mcu.externaltools.gnu-tools-for-stm32.10.3-2021.10.win32_1.0.100.202210260954/tools/bin/../lib/gcc/arm-none-eabi/10.3.1/thumb/v7e-m+fp/hard/crti.o
                0x0000000008003708                _init
 .init          0x000000000800370c        0x8 c:/st/stm32cubeide_1.11.0/stm32cubeide/plugins/com.st.stm32cube.ide.mcu.externaltools.gnu-tools-for-stm32.10.3-2021.10.win32_1.0.100.202210260954/tools/bin/../lib/gcc/arm-none-eabi/10.3.1/thumb/v7e-m+fp/hard/crtn.o
 *(.fini)
 .fini          0x0000000008003714        0x4 c:/st/stm32cubeide_1.11.0/stm32cubeide/plugins/com.st.stm32cube.ide.mcu.externaltools.gnu-tools-for-stm32.10.3-2021.10.win32_1.0.100.202210260954/tools/bin/../lib/gcc/arm-none-eabi/10.3.1/thumb/v7e-m+fp/hard/crti.o
                0x0000000008003714                _fini
 .fini          0x0000000008003718        0x8 c:/st/stm32cubeide_1.11.0/stm32cubeide/plugins/com.st.stm32cube.ide.mcu.externaltools.gnu-tools-for-stm32.10.3-2021.10.win32_1.0.100.202210260954/tools/bin/../lib/gcc/arm-none-eabi/10.3.1/thumb/v7e-m+fp/hard/crtn.o
                0x0000000008003720                . = ALIGN (0x4)
                0x0000000008003720                _etext = .

.vfp11_veneer   0x0000000008003720        0x0
 .vfp11_veneer  0x0000000008003720        0x0 linker stubs

.v4_bx          0x0000000008003720        0x0
 .v4_bx         0x0000000008003720        0x0 linker stubs

.iplt           0x0000000008003720        0x0
 .iplt          0x0000000008003720        0x0 c:/st/stm32cubeide_1.11.0/stm32cubeide/plugins/com.st.stm32cube.ide.mcu.externaltools.gnu-tools-for-stm32.10.3-2021.10.win32_1.0.100.202210260954/tools/bin/../lib/gcc/arm-none-eabi/10.3.1/thumb/v7e-m+fp/hard/crtbegin.o

.rodata         0x0000000008003720      0x7d8
                0x0000000008003720                . = ALIGN (0x4)
 *(.rodata)
 .rodata        0x0000000008003720       0x2a ./Core/Src/main.o
 *(.rodata*)
 *fill*         0x000000000800374a        0x2 
 .rodata.Font7x10
                0x000000000800374c      0x76c ./Core/Src/font.o
                0x000000000800374c                Font7x10
 .rodata.AHBPrescTable
                0x0000000008003eb8       0x10 ./Core/Src/system_stm32l4xx.o
                0x0000000008003eb8                AHBPrescTable
 .rodata.MSIRangeTable
                0x0000000008003ec8       0x30 ./Core/Src/system_stm32l4xx.o
                0x0000000008003ec8                MSIRangeTable
                0x0000000008003ef8                . = ALIGN (0x4)

.rel.dyn        0x0000000008003ef8        0x0
 .rel.iplt      0x0000000008003ef8        0x0 c:/st/stm32cubeide_1.11.0/stm32cubeide/plugins/com.st.stm32cube.ide.mcu.externaltools.gnu-tools-for-stm32.10.3-2021.10.win32_1.0.100.202210260954/tools/bin/../lib/gcc/arm-none-eabi/10.3.1/thumb/v7e-m+fp/hard/crtbegin.o

.ARM.extab      0x0000000008003ef8        0x0
                0x0000000008003ef8                . = ALIGN (0x4)
 *(.ARM.extab* .gnu.linkonce.armextab.*)
                0x0000000008003ef8                . = ALIGN (0x4)

.ARM            0x0000000008003ef8        0x0
                0x0000000008003ef8                . = ALIGN (0x4)
                0x0000000008003ef8                __exidx_start = .
 *(.ARM.exidx*)
                0x0000000008003ef8                __exidx_end = .
                0x0000000008003ef8                . = ALIGN (0x4)

.preinit_array  0x0000000008003ef8        0x0
                0x0000000008003ef8                . = ALIGN (0x4)
                0x0000000008003ef8                PROVIDE (__preinit_array_start = .)
 *(.preinit_array*)
                0x0000000008003ef8                PROVIDE (__preinit_array_end = .)
                0x0000000008003ef8                . = ALIGN (0x4)

.init_array     0x0000000008003ef8        0x4
                0x0000000008003ef8                . = ALIGN (0x4)
                0x0000000008003ef8                PROVIDE (__init_array_start = .)
 *(SORT_BY_NAME(.init_array.*))
 *(.init_array*)
 .init_array    0x0000000008003ef8        0x4 c:/st/stm32cubeide_1.11.0/stm32cubeide/plugins/com.st.stm32cube.ide.mcu.externaltools.gnu-tools-for-stm32.10.3-2021.10.win32_1.0.100.202210260954/tools/bin/../lib/gcc/arm-none-eabi/10.3.1/thumb/v7e-m+fp/hard/crtbegin.o
                0x0000000008003efc                PROVIDE (__init_array_end = .)
                0x0000000008003efc                . = ALIGN (0x4)

.fini_array     0x0000000008003efc        0x4
                0x0000000008003efc                . = ALIGN (0x4)
                [!provide]                        PROVIDE (__fini_array_start = .)
 *(SORT_BY_NAME(.fini_array.*))
 *(.fini_array*)
 .fini_array    0x0000000008003efc        0x4 c:/st/stm32cubeide_1.11.0/stm32cubeide/plugins/com.st.stm32cube.ide.mcu.externaltools.gnu-tools-for-stm32.10.3-2021.10.win32_1.0.100.202210260954/tools/bin/../lib/gcc/arm-none-eabi/10.3.1/thumb/v7e-m+fp/hard/crtbegin.o
                [!provide]                        PROVIDE (__fini_array_end = .)
                0x0000000008003f00                . = ALIGN (0x4)
                0x0000000008003f00                _sidata = LOADADDR (.data)

.data           0x0000000020000000       0x14 load address 0x0000000008003f00
                0x0000000020000000                . = ALIGN (0x4)
                0x0000000020000000                _sdata = .
 *(.data)
 *(.data*)
 .data.font_7x10
                0x0000000020000000        0x8 ./Core/Src/font.o
                0x0000000020000000                font_7x10
 .data.SystemCoreClock
                0x0000000020000008        0x4 ./Core/Src/system_stm32l4xx.o
                0x0000000020000008                SystemCoreClock
 .data.uwTickPrio
                0x000000002000000c        0x4 ./Drivers/STM32L4xx_HAL_Driver/Src/stm32l4xx_hal.o
                0x000000002000000c                uwTickPrio
 .data.uwTickFreq
                0x0000000020000010        0x1 ./Drivers/STM32L4xx_HAL_Driver/Src/stm32l4xx_hal.o
                0x0000000020000010                uwTickFreq
 *(.RamFunc)
 *(.RamFunc*)
                0x0000000020000014                . = ALIGN (0x4)
 *fill*         0x0000000020000011        0x3 
                0x0000000020000014                _edata = .

.igot.plt       0x0000000020000014        0x0 load address 0x0000000008003f14
 .igot.plt      0x0000000020000014        0x0 c:/st/stm32cubeide_1.11.0/stm32cubeide/plugins/com.st.stm32cube.ide.mcu.externaltools.gnu-tools-for-stm32.10.3-2021.10.win32_1.0.100.202210260954/tools/bin/../lib/gcc/arm-none-eabi/10.3.1/thumb/v7e-m+fp/hard/crtbegin.o
                0x0000000020000014                . = ALIGN (0x4)

.bss            0x0000000020000014      0x480 load address 0x0000000008003f14
                0x0000000020000014                _sbss = .
                0x0000000020000014                __bss_start__ = _sbss
 *(.bss)
 .bss           0x0000000020000014       0x1c c:/st/stm32cubeide_1.11.0/stm32cubeide/plugins/com.st.stm32cube.ide.mcu.externaltools.gnu-tools-for-stm32.10.3-2021.10.win32_1.0.100.202210260954/tools/bin/../lib/gcc/arm-none-eabi/10.3.1/thumb/v7e-m+fp/hard/crtbegin.o
 *(.bss*)
 .bss.button1State
                0x0000000020000030        0x1 ./Core/Src/gpio.o
                0x0000000020000030                button1State
 .bss.button2State
                0x0000000020000031        0x1 ./Core/Src/gpio.o
                0x0000000020000031                button2State
 *fill*         0x0000000020000032        0x2 
 .bss.hi2c2     0x0000000020000034       0x54 ./Core/Src/i2c.o
                0x0000000020000034                hi2c2
 .bss.mySSD1306
                0x0000000020000088        0x8 ./Core/Src/ssd1306.o
 .bss.SSD1306_Buffer
                0x0000000020000090      0x400 ./Core/Src/ssd1306.o
 .bss.uwTick    0x0000000020000490        0x4 ./Drivers/STM32L4xx_HAL_Driver/Src/stm32l4xx_hal.o
                0x0000000020000490                uwTick
 *(COMMON)
                0x0000000020000494                . = ALIGN (0x4)
                0x0000000020000494                _ebss = .
                0x0000000020000494                __bss_end__ = _ebss

._user_heap_stack
                0x0000000020000494      0x604 load address 0x0000000008003f14
                0x0000000020000498                . = ALIGN (0x8)
 *fill*         0x0000000020000494        0x4 
                [!provide]                        PROVIDE (end = .)
                0x0000000020000498                PROVIDE (_end = .)
                0x0000000020000698                . = (. + _Min_Heap_Size)
 *fill*         0x0000000020000498      0x200 
                0x0000000020000a98                . = (. + _Min_Stack_Size)
 *fill*         0x0000000020000698      0x400 
                0x0000000020000a98                . = ALIGN (0x8)

/DISCARD/
 libc.a(*)
 libm.a(*)
 libgcc.a(*)

.ARM.attributes
                0x0000000000000000       0x30
 *(.ARM.attributes)
 .ARM.attributes
                0x0000000000000000       0x1e c:/st/stm32cubeide_1.11.0/stm32cubeide/plugins/com.st.stm32cube.ide.mcu.externaltools.gnu-tools-for-stm32.10.3-2021.10.win32_1.0.100.202210260954/tools/bin/../lib/gcc/arm-none-eabi/10.3.1/thumb/v7e-m+fp/hard/crti.o
 .ARM.attributes
                0x000000000000001e       0x34 c:/st/stm32cubeide_1.11.0/stm32cubeide/plugins/com.st.stm32cube.ide.mcu.externaltools.gnu-tools-for-stm32.10.3-2021.10.win32_1.0.100.202210260954/tools/bin/../lib/gcc/arm-none-eabi/10.3.1/thumb/v7e-m+fp/hard/crtbegin.o
 .ARM.attributes
                0x0000000000000052       0x34 ./Core/Src/display.o
 .ARM.attributes
                0x0000000000000086       0x34 ./Core/Src/font.o
 .ARM.attributes
                0x00000000000000ba       0x34 ./Core/Src/gpio.o
 .ARM.attributes
                0x00000000000000ee       0x34 ./Core/Src/i2c.o
 .ARM.attributes
                0x0000000000000122       0x34 ./Core/Src/main.o
 .ARM.attributes
                0x0000000000000156       0x34 ./Core/Src/ssd1306.o
 .ARM.attributes
                0x000000000000018a       0x34 ./Core/Src/stm32l4xx_hal_msp.o
 .ARM.attributes
                0x00000000000001be       0x34 ./Core/Src/stm32l4xx_it.o
 .ARM.attributes
                0x00000000000001f2       0x34 ./Core/Src/system_stm32l4xx.o
 .ARM.attributes
                0x0000000000000226       0x21 ./Core/Startup/startup_stm32l476rgtx.o
 .ARM.attributes
                0x0000000000000247       0x34 ./Drivers/STM32L4xx_HAL_Driver/Src/stm32l4xx_hal.o
 .ARM.attributes
                0x000000000000027b       0x34 ./Drivers/STM32L4xx_HAL_Driver/Src/stm32l4xx_hal_cortex.o
 .ARM.attributes
                0x00000000000002af       0x34 ./Drivers/STM32L4xx_HAL_Driver/Src/stm32l4xx_hal_gpio.o
 .ARM.attributes
                0x00000000000002e3       0x34 ./Drivers/STM32L4xx_HAL_Driver/Src/stm32l4xx_hal_i2c.o
 .ARM.attributes
                0x0000000000000317       0x34 ./Drivers/STM32L4xx_HAL_Driver/Src/stm32l4xx_hal_i2c_ex.o
 .ARM.attributes
                0x000000000000034b       0x34 ./Drivers/STM32L4xx_HAL_Driver/Src/stm32l4xx_hal_pwr_ex.o
 .ARM.attributes
                0x000000000000037f       0x34 ./Drivers/STM32L4xx_HAL_Driver/Src/stm32l4xx_hal_rcc.o
 .ARM.attributes
                0x00000000000003b3       0x34 ./Drivers/STM32L4xx_HAL_Driver/Src/stm32l4xx_hal_rcc_ex.o
 .ARM.attributes
                0x00000000000003e7       0x34 c:/st/stm32cubeide_1.11.0/stm32cubeide/plugins/com.st.stm32cube.ide.mcu.externaltools.gnu-tools-for-stm32.10.3-2021.10.win32_1.0.100.202210260954/tools/bin/../lib/gcc/arm-none-eabi/10.3.1/../../../../arm-none-eabi/lib/thumb/v7e-m+fp/hard\libc_nano.a(lib_a-init.o)
 .ARM.attributes
                0x000000000000041b       0x34 c:/st/stm32cubeide_1.11.0/stm32cubeide/plugins/com.st.stm32cube.ide.mcu.externaltools.gnu-tools-for-stm32.10.3-2021.10.win32_1.0.100.202210260954/tools/bin/../lib/gcc/arm-none-eabi/10.3.1/../../../../arm-none-eabi/lib/thumb/v7e-m+fp/hard\libc_nano.a(lib_a-memset.o)
 .ARM.attributes
                0x000000000000044f       0x1e c:/st/stm32cubeide_1.11.0/stm32cubeide/plugins/com.st.stm32cube.ide.mcu.externaltools.gnu-tools-for-stm32.10.3-2021.10.win32_1.0.100.202210260954/tools/bin/../lib/gcc/arm-none-eabi/10.3.1/thumb/v7e-m+fp/hard/crtn.o
OUTPUT(SSD1306_OLED_STM32L476RG-master.elf elf32-littlearm)
LOAD linker stubs
LOAD c:/st/stm32cubeide_1.11.0/stm32cubeide/plugins/com.st.stm32cube.ide.mcu.externaltools.gnu-tools-for-stm32.10.3-2021.10.win32_1.0.100.202210260954/tools/bin/../lib/gcc/arm-none-eabi/10.3.1/../../../../arm-none-eabi/lib/thumb/v7e-m+fp/hard\libc.a
LOAD c:/st/stm32cubeide_1.11.0/stm32cubeide/plugins/com.st.stm32cube.ide.mcu.externaltools.gnu-tools-for-stm32.10.3-2021.10.win32_1.0.100.202210260954/tools/bin/../lib/gcc/arm-none-eabi/10.3.1/../../../../arm-none-eabi/lib/thumb/v7e-m+fp/hard\libm.a
LOAD c:/st/stm32cubeide_1.11.0/stm32cubeide/plugins/com.st.stm32cube.ide.mcu.externaltools.gnu-tools-for-stm32.10.3-2021.10.win32_1.0.100.202210260954/tools/bin/../lib/gcc/arm-none-eabi/10.3.1/thumb/v7e-m+fp/hard\libgcc.a

.debug_info     0x0000000000000000     0xbbf6
 .debug_info    0x0000000000000000      0xa01 ./Core/Src/display.o
 .debug_info    0x0000000000000a01      0x27a ./Core/Src/font.o
 .debug_info    0x0000000000000c7b      0x7bf ./Core/Src/gpio.o
 .debug_info    0x000000000000143a      0xd15 ./Core/Src/i2c.o
 .debug_info    0x000000000000214f      0xace ./Core/Src/main.o
 .debug_info    0x0000000000002c1d     0x110b ./Core/Src/ssd1306.o
 .debug_info    0x0000000000003d28      0x308 ./Core/Src/stm32l4xx_hal_msp.o
 .debug_info    0x0000000000004030      0x15f ./Core/Src/stm32l4xx_it.o
 .debug_info    0x000000000000418f      0x5c6 ./Core/Src/system_stm32l4xx.o
 .debug_info    0x0000000000004755       0x22 ./Core/Startup/startup_stm32l476rgtx.o
 .debug_info    0x0000000000004777      0xc57 ./Drivers/STM32L4xx_HAL_Driver/Src/stm32l4xx_hal.o
 .debug_info    0x00000000000053ce      0xe21 ./Drivers/STM32L4xx_HAL_Driver/Src/stm32l4xx_hal_cortex.o
 .debug_info    0x00000000000061ef      0x821 ./Drivers/STM32L4xx_HAL_Driver/Src/stm32l4xx_hal_gpio.o
 .debug_info    0x0000000000006a10     0x2232 ./Drivers/STM32L4xx_HAL_Driver/Src/stm32l4xx_hal_i2c.o
 .debug_info    0x0000000000008c42      0xa45 ./Drivers/STM32L4xx_HAL_Driver/Src/stm32l4xx_hal_i2c_ex.o
 .debug_info    0x0000000000009687      0x9f0 ./Drivers/STM32L4xx_HAL_Driver/Src/stm32l4xx_hal_pwr_ex.o
 .debug_info    0x000000000000a077      0xced ./Drivers/STM32L4xx_HAL_Driver/Src/stm32l4xx_hal_rcc.o
 .debug_info    0x000000000000ad64      0xe92 ./Drivers/STM32L4xx_HAL_Driver/Src/stm32l4xx_hal_rcc_ex.o

.debug_abbrev   0x0000000000000000     0x1fe0
 .debug_abbrev  0x0000000000000000      0x1c4 ./Core/Src/display.o
 .debug_abbrev  0x00000000000001c4      0x111 ./Core/Src/font.o
 .debug_abbrev  0x00000000000002d5      0x19e ./Core/Src/gpio.o
 .debug_abbrev  0x0000000000000473      0x202 ./Core/Src/i2c.o
 .debug_abbrev  0x0000000000000675      0x232 ./Core/Src/main.o
 .debug_abbrev  0x00000000000008a7      0x269 ./Core/Src/ssd1306.o
 .debug_abbrev  0x0000000000000b10       0xc2 ./Core/Src/stm32l4xx_hal_msp.o
 .debug_abbrev  0x0000000000000bd2       0x9f ./Core/Src/stm32l4xx_it.o
 .debug_abbrev  0x0000000000000c71      0x116 ./Core/Src/system_stm32l4xx.o
 .debug_abbrev  0x0000000000000d87       0x12 ./Core/Startup/startup_stm32l476rgtx.o
 .debug_abbrev  0x0000000000000d99      0x23a ./Drivers/STM32L4xx_HAL_Driver/Src/stm32l4xx_hal.o
 .debug_abbrev  0x0000000000000fd3      0x316 ./Drivers/STM32L4xx_HAL_Driver/Src/stm32l4xx_hal_cortex.o
 .debug_abbrev  0x00000000000012e9      0x1bb ./Drivers/STM32L4xx_HAL_Driver/Src/stm32l4xx_hal_gpio.o
 .debug_abbrev  0x00000000000014a4      0x243 ./Drivers/STM32L4xx_HAL_Driver/Src/stm32l4xx_hal_i2c.o
 .debug_abbrev  0x00000000000016e7      0x1b0 ./Drivers/STM32L4xx_HAL_Driver/Src/stm32l4xx_hal_i2c_ex.o
 .debug_abbrev  0x0000000000001897      0x1f3 ./Drivers/STM32L4xx_HAL_Driver/Src/stm32l4xx_hal_pwr_ex.o
 .debug_abbrev  0x0000000000001a8a      0x2bd ./Drivers/STM32L4xx_HAL_Driver/Src/stm32l4xx_hal_rcc.o
 .debug_abbrev  0x0000000000001d47      0x299 ./Drivers/STM32L4xx_HAL_Driver/Src/stm32l4xx_hal_rcc_ex.o

.debug_aranges  0x0000000000000000      0xae0
 .debug_aranges
                0x0000000000000000       0x58 ./Core/Src/display.o
 .debug_aranges
                0x0000000000000058       0x20 ./Core/Src/font.o
 .debug_aranges
                0x0000000000000078       0x28 ./Core/Src/gpio.o
 .debug_aranges
                0x00000000000000a0       0x30 ./Core/Src/i2c.o
 .debug_aranges
                0x00000000000000d0       0x38 ./Core/Src/main.o
 .debug_aranges
                0x0000000000000108       0xc8 ./Core/Src/ssd1306.o
 .debug_aranges
                0x00000000000001d0       0x20 ./Core/Src/stm32l4xx_hal_msp.o
 .debug_aranges
                0x00000000000001f0       0x68 ./Core/Src/stm32l4xx_it.o
 .debug_aranges
                0x0000000000000258       0x28 ./Core/Src/system_stm32l4xx.o
 .debug_aranges
                0x0000000000000280       0x28 ./Core/Startup/startup_stm32l476rgtx.o
 .debug_aranges
                0x00000000000002a8      0x130 ./Drivers/STM32L4xx_HAL_Driver/Src/stm32l4xx_hal.o
 .debug_aranges
                0x00000000000003d8      0x118 ./Drivers/STM32L4xx_HAL_Driver/Src/stm32l4xx_hal_cortex.o
 .debug_aranges
                0x00000000000004f0       0x58 ./Drivers/STM32L4xx_HAL_Driver/Src/stm32l4xx_hal_gpio.o
 .debug_aranges
                0x0000000000000548      0x2a0 ./Drivers/STM32L4xx_HAL_Driver/Src/stm32l4xx_hal_i2c.o
 .debug_aranges
                0x00000000000007e8       0x48 ./Drivers/STM32L4xx_HAL_Driver/Src/stm32l4xx_hal_i2c_ex.o
 .debug_aranges
                0x0000000000000830      0x160 ./Drivers/STM32L4xx_HAL_Driver/Src/stm32l4xx_hal_pwr_ex.o
 .debug_aranges
                0x0000000000000990       0x90 ./Drivers/STM32L4xx_HAL_Driver/Src/stm32l4xx_hal_rcc.o
 .debug_aranges
                0x0000000000000a20       0xc0 ./Drivers/STM32L4xx_HAL_Driver/Src/stm32l4xx_hal_rcc_ex.o

.debug_ranges   0x0000000000000000      0x9c8
 .debug_ranges  0x0000000000000000       0x48 ./Core/Src/display.o
 .debug_ranges  0x0000000000000048       0x10 ./Core/Src/font.o
 .debug_ranges  0x0000000000000058       0x18 ./Core/Src/gpio.o
 .debug_ranges  0x0000000000000070       0x20 ./Core/Src/i2c.o
 .debug_ranges  0x0000000000000090       0x28 ./Core/Src/main.o
 .debug_ranges  0x00000000000000b8       0xb8 ./Core/Src/ssd1306.o
 .debug_ranges  0x0000000000000170       0x10 ./Core/Src/stm32l4xx_hal_msp.o
 .debug_ranges  0x0000000000000180       0x58 ./Core/Src/stm32l4xx_it.o
 .debug_ranges  0x00000000000001d8       0x18 ./Core/Src/system_stm32l4xx.o
 .debug_ranges  0x00000000000001f0       0x20 ./Core/Startup/startup_stm32l476rgtx.o
 .debug_ranges  0x0000000000000210      0x120 ./Drivers/STM32L4xx_HAL_Driver/Src/stm32l4xx_hal.o
 .debug_ranges  0x0000000000000330      0x108 ./Drivers/STM32L4xx_HAL_Driver/Src/stm32l4xx_hal_cortex.o
 .debug_ranges  0x0000000000000438       0x48 ./Drivers/STM32L4xx_HAL_Driver/Src/stm32l4xx_hal_gpio.o
 .debug_ranges  0x0000000000000480      0x290 ./Drivers/STM32L4xx_HAL_Driver/Src/stm32l4xx_hal_i2c.o
 .debug_ranges  0x0000000000000710       0x38 ./Drivers/STM32L4xx_HAL_Driver/Src/stm32l4xx_hal_i2c_ex.o
 .debug_ranges  0x0000000000000748      0x150 ./Drivers/STM32L4xx_HAL_Driver/Src/stm32l4xx_hal_pwr_ex.o
 .debug_ranges  0x0000000000000898       0x80 ./Drivers/STM32L4xx_HAL_Driver/Src/stm32l4xx_hal_rcc.o
 .debug_ranges  0x0000000000000918       0xb0 ./Drivers/STM32L4xx_HAL_Driver/Src/stm32l4xx_hal_rcc_ex.o

.debug_macro    0x0000000000000000    0x2607d
 .debug_macro   0x0000000000000000      0x2ac ./Core/Src/display.o
 .debug_macro   0x00000000000002ac      0xa78 ./Core/Src/display.o
 .debug_macro   0x0000000000000d24       0x2e ./Core/Src/display.o
 .debug_macro   0x0000000000000d52       0x28 ./Core/Src/display.o
 .debug_macro   0x0000000000000d7a       0x22 ./Core/Src/display.o
 .debug_macro   0x0000000000000d9c       0x8e ./Core/Src/display.o
 .debug_macro   0x0000000000000e2a       0x51 ./Core/Src/display.o
 .debug_macro   0x0000000000000e7b      0x103 ./Core/Src/display.o
 .debug_macro   0x0000000000000f7e       0x6a ./Core/Src/display.o
 .debug_macro   0x0000000000000fe8      0x1df ./Core/Src/display.o
 .debug_macro   0x00000000000011c7       0x1c ./Core/Src/display.o
 .debug_macro   0x00000000000011e3       0x22 ./Core/Src/display.o
 .debug_macro   0x0000000000001205       0xfb ./Core/Src/display.o
 .debug_macro   0x0000000000001300     0x1011 ./Core/Src/display.o
 .debug_macro   0x0000000000002311      0x11f ./Core/Src/display.o
 .debug_macro   0x0000000000002430    0x1a17a ./Core/Src/display.o
 .debug_macro   0x000000000001c5aa       0x6d ./Core/Src/display.o
 .debug_macro   0x000000000001c617      0x1a1 ./Core/Src/display.o
 .debug_macro   0x000000000001c7b8     0x38e6 ./Core/Src/display.o
 .debug_macro   0x000000000002009e      0x174 ./Core/Src/display.o
 .debug_macro   0x0000000000020212       0x5c ./Core/Src/display.o
 .debug_macro   0x000000000002026e     0x159e ./Core/Src/display.o
 .debug_macro   0x000000000002180c      0x5a5 ./Core/Src/display.o
 .debug_macro   0x0000000000021db1      0x1b9 ./Core/Src/display.o
 .debug_macro   0x0000000000021f6a      0x18b ./Core/Src/display.o
 .debug_macro   0x00000000000220f5      0x26b ./Core/Src/display.o
 .debug_macro   0x0000000000022360      0x23d ./Core/Src/display.o
 .debug_macro   0x000000000002259d      0x241 ./Core/Src/display.o
 .debug_macro   0x00000000000227de      0x37c ./Core/Src/display.o
 .debug_macro   0x0000000000022b5a       0xd6 ./Core/Src/display.o
 .debug_macro   0x0000000000022c30      0x22c ./Core/Src/display.o
 .debug_macro   0x0000000000022e5c       0x61 ./Core/Src/display.o
 .debug_macro   0x0000000000022ebd       0xa5 ./Core/Src/display.o
 .debug_macro   0x0000000000022f62      0x122 ./Core/Src/display.o
 .debug_macro   0x0000000000023084      0x3ef ./Core/Src/display.o
 .debug_macro   0x0000000000023473      0x330 ./Core/Src/display.o
 .debug_macro   0x00000000000237a3       0x52 ./Core/Src/display.o
 .debug_macro   0x00000000000237f5       0x1e ./Core/Src/display.o
 .debug_macro   0x0000000000023813       0x3c ./Core/Src/display.o
 .debug_macro   0x000000000002384f       0x34 ./Core/Src/display.o
 .debug_macro   0x0000000000023883       0x16 ./Core/Src/display.o
 .debug_macro   0x0000000000023899       0x43 ./Core/Src/display.o
 .debug_macro   0x00000000000238dc       0x34 ./Core/Src/display.o
 .debug_macro   0x0000000000023910       0x10 ./Core/Src/display.o
 .debug_macro   0x0000000000023920       0x58 ./Core/Src/display.o
 .debug_macro   0x0000000000023978       0x71 ./Core/Src/display.o
 .debug_macro   0x00000000000239e9       0x1c ./Core/Src/display.o
 .debug_macro   0x0000000000023a05      0x12a ./Core/Src/display.o
 .debug_macro   0x0000000000023b2f      0x341 ./Core/Src/display.o
 .debug_macro   0x0000000000023e70       0x10 ./Core/Src/display.o
 .debug_macro   0x0000000000023e80       0x35 ./Core/Src/display.o
 .debug_macro   0x0000000000023eb5       0x20 ./Core/Src/display.o
 .debug_macro   0x0000000000023ed5       0x28 ./Core/Src/display.o
 .debug_macro   0x0000000000023efd      0x28d ./Core/Src/font.o
 .debug_macro   0x000000000002418a       0x4c ./Core/Src/font.o
 .debug_macro   0x00000000000241d6       0x94 ./Core/Src/font.o
 .debug_macro   0x000000000002426a       0x57 ./Core/Src/font.o
 .debug_macro   0x00000000000242c1       0x56 ./Core/Src/font.o
 .debug_macro   0x0000000000024317      0x1c5 ./Core/Src/gpio.o
 .debug_macro   0x00000000000244dc      0x1c5 ./Core/Src/i2c.o
 .debug_macro   0x00000000000246a1      0x2c4 ./Core/Src/main.o
 .debug_macro   0x0000000000024965      0x2a2 ./Core/Src/ssd1306.o
 .debug_macro   0x0000000000024c07      0x1bb ./Core/Src/stm32l4xx_hal_msp.o
 .debug_macro   0x0000000000024dc2      0x1c5 ./Core/Src/stm32l4xx_it.o
 .debug_macro   0x0000000000024f87      0x1b1 ./Core/Src/system_stm32l4xx.o
 .debug_macro   0x0000000000025138      0x1ff ./Drivers/STM32L4xx_HAL_Driver/Src/stm32l4xx_hal.o
 .debug_macro   0x0000000000025337      0x1b1 ./Drivers/STM32L4xx_HAL_Driver/Src/stm32l4xx_hal_cortex.o
 .debug_macro   0x00000000000254e8      0x1b8 ./Drivers/STM32L4xx_HAL_Driver/Src/stm32l4xx_hal_gpio.o
 .debug_macro   0x00000000000256a0      0x27d ./Drivers/STM32L4xx_HAL_Driver/Src/stm32l4xx_hal_i2c.o
 .debug_macro   0x000000000002591d      0x1b1 ./Drivers/STM32L4xx_HAL_Driver/Src/stm32l4xx_hal_i2c_ex.o
 .debug_macro   0x0000000000025ace      0x1d5 ./Drivers/STM32L4xx_HAL_Driver/Src/stm32l4xx_hal_pwr_ex.o
 .debug_macro   0x0000000000025ca3      0x1f3 ./Drivers/STM32L4xx_HAL_Driver/Src/stm32l4xx_hal_rcc.o
 .debug_macro   0x0000000000025e96      0x1e7 ./Drivers/STM32L4xx_HAL_Driver/Src/stm32l4xx_hal_rcc_ex.o

.debug_line     0x0000000000000000     0xddd2
 .debug_line    0x0000000000000000      0x8dc ./Core/Src/display.o
 .debug_line    0x00000000000008dc      0x7ff ./Core/Src/font.o
 .debug_line    0x00000000000010db      0x6dd ./Core/Src/gpio.o
 .debug_line    0x00000000000017b8      0x722 ./Core/Src/i2c.o
 .debug_line    0x0000000000001eda      0x8d8 ./Core/Src/main.o
 .debug_line    0x00000000000027b2     0x1062 ./Core/Src/ssd1306.o
 .debug_line    0x0000000000003814      0x691 ./Core/Src/stm32l4xx_hal_msp.o
 .debug_line    0x0000000000003ea5      0x76d ./Core/Src/stm32l4xx_it.o
 .debug_line    0x0000000000004612      0x729 ./Core/Src/system_stm32l4xx.o
 .debug_line    0x0000000000004d3b       0x88 ./Core/Startup/startup_stm32l476rgtx.o
 .debug_line    0x0000000000004dc3      0xa82 ./Drivers/STM32L4xx_HAL_Driver/Src/stm32l4xx_hal.o
 .debug_line    0x0000000000005845      0xc28 ./Drivers/STM32L4xx_HAL_Driver/Src/stm32l4xx_hal_cortex.o
 .debug_line    0x000000000000646d      0xaf5 ./Drivers/STM32L4xx_HAL_Driver/Src/stm32l4xx_hal_gpio.o
 .debug_line    0x0000000000006f62     0x3613 ./Drivers/STM32L4xx_HAL_Driver/Src/stm32l4xx_hal_i2c.o
 .debug_line    0x000000000000a575      0x8af ./Drivers/STM32L4xx_HAL_Driver/Src/stm32l4xx_hal_i2c_ex.o
 .debug_line    0x000000000000ae24      0xc79 ./Drivers/STM32L4xx_HAL_Driver/Src/stm32l4xx_hal_pwr_ex.o
 .debug_line    0x000000000000ba9d      0xefb ./Drivers/STM32L4xx_HAL_Driver/Src/stm32l4xx_hal_rcc.o
 .debug_line    0x000000000000c998     0x143a ./Drivers/STM32L4xx_HAL_Driver/Src/stm32l4xx_hal_rcc_ex.o

.debug_str      0x0000000000000000    0xe4b31
 .debug_str     0x0000000000000000    0xe14ce ./Core/Src/display.o
                                      0xe1812 (size before relaxing)
 .debug_str     0x00000000000e14ce       0x85 ./Core/Src/font.o
                                      0xe10b1 (size before relaxing)
 .debug_str     0x00000000000e1553      0x707 ./Core/Src/gpio.o
                                      0xde968 (size before relaxing)
 .debug_str     0x00000000000e1c5a      0x2fb ./Core/Src/i2c.o
                                      0xdebca (size before relaxing)
 .debug_str     0x00000000000e1f55      0x1e8 ./Core/Src/main.o
                                      0xe1968 (size before relaxing)
 .debug_str     0x00000000000e213d      0x28b ./Core/Src/ssd1306.o
                                      0xe196d (size before relaxing)
 .debug_str     0x00000000000e23c8       0x2c ./Core/Src/stm32l4xx_hal_msp.o
                                      0xde31d (size before relaxing)
 .debug_str     0x00000000000e23f4       0xf5 ./Core/Src/stm32l4xx_it.o
                                      0xde296 (size before relaxing)
 .debug_str     0x00000000000e24e9       0xf2 ./Core/Src/system_stm32l4xx.o
                                      0xde3e4 (size before relaxing)
 .debug_str     0x00000000000e25db       0x36 ./Core/Startup/startup_stm32l476rgtx.o
                                         0x81 (size before relaxing)
 .debug_str     0x00000000000e2611      0x6b1 ./Drivers/STM32L4xx_HAL_Driver/Src/stm32l4xx_hal.o
                                      0xdefe3 (size before relaxing)
 .debug_str     0x00000000000e2cc2      0x331 ./Drivers/STM32L4xx_HAL_Driver/Src/stm32l4xx_hal_cortex.o
                                      0xdec2b (size before relaxing)
 .debug_str     0x00000000000e2ff3       0xef ./Drivers/STM32L4xx_HAL_Driver/Src/stm32l4xx_hal_gpio.o
                                      0xde55d (size before relaxing)
 .debug_str     0x00000000000e30e2      0xdbb ./Drivers/STM32L4xx_HAL_Driver/Src/stm32l4xx_hal_i2c.o
                                      0xdf5e8 (size before relaxing)
 .debug_str     0x00000000000e3e9d       0xb8 ./Drivers/STM32L4xx_HAL_Driver/Src/stm32l4xx_hal_i2c_ex.o
                                      0xde91b (size before relaxing)
 .debug_str     0x00000000000e3f55      0x4e3 ./Drivers/STM32L4xx_HAL_Driver/Src/stm32l4xx_hal_pwr_ex.o
                                      0xde93f (size before relaxing)
 .debug_str     0x00000000000e4438      0x33a ./Drivers/STM32L4xx_HAL_Driver/Src/stm32l4xx_hal_rcc.o
                                      0xdea2a (size before relaxing)
 .debug_str     0x00000000000e4772      0x3bf ./Drivers/STM32L4xx_HAL_Driver/Src/stm32l4xx_hal_rcc_ex.o
                                      0xdeba3 (size before relaxing)

.comment        0x0000000000000000       0x50
 .comment       0x0000000000000000       0x50 ./Core/Src/display.o
                                         0x51 (size before relaxing)
 .comment       0x0000000000000050       0x51 ./Core/Src/font.o
 .comment       0x0000000000000050       0x51 ./Core/Src/gpio.o
 .comment       0x0000000000000050       0x51 ./Core/Src/i2c.o
 .comment       0x0000000000000050       0x51 ./Core/Src/main.o
 .comment       0x0000000000000050       0x51 ./Core/Src/ssd1306.o
 .comment       0x0000000000000050       0x51 ./Core/Src/stm32l4xx_hal_msp.o
 .comment       0x0000000000000050       0x51 ./Core/Src/stm32l4xx_it.o
 .comment       0x0000000000000050       0x51 ./Core/Src/system_stm32l4xx.o
 .comment       0x0000000000000050       0x51 ./Drivers/STM32L4xx_HAL_Driver/Src/stm32l4xx_hal.o
 .comment       0x0000000000000050       0x51 ./Drivers/STM32L4xx_HAL_Driver/Src/stm32l4xx_hal_cortex.o
 .comment       0x0000000000000050       0x51 ./Drivers/STM32L4xx_HAL_Driver/Src/stm32l4xx_hal_gpio.o
 .comment       0x0000000000000050       0x51 ./Drivers/STM32L4xx_HAL_Driver/Src/stm32l4xx_hal_i2c.o
 .comment       0x0000000000000050       0x51 ./Drivers/STM32L4xx_HAL_Driver/Src/stm32l4xx_hal_i2c_ex.o
 .comment       0x0000000000000050       0x51 ./Drivers/STM32L4xx_HAL_Driver/Src/stm32l4xx_hal_pwr_ex.o
 .comment       0x0000000000000050       0x51 ./Drivers/STM32L4xx_HAL_Driver/Src/stm32l4xx_hal_rcc.o
 .comment       0x0000000000000050       0x51 ./Drivers/STM32L4xx_HAL_Driver/Src/stm32l4xx_hal_rcc_ex.o

.debug_frame    0x0000000000000000     0x2a68
 .debug_frame   0x0000000000000000      0x128 ./Core/Src/display.o
 .debug_frame   0x0000000000000128       0x38 ./Core/Src/font.o
 .debug_frame   0x0000000000000160       0x5c ./Core/Src/gpio.o
 .debug_frame   0x00000000000001bc       0x78 ./Core/Src/i2c.o
 .debug_frame   0x0000000000000234       0x8c ./Core/Src/main.o
 .debug_frame   0x00000000000002c0      0x35c ./Core/Src/ssd1306.o
 .debug_frame   0x000000000000061c       0x38 ./Core/Src/stm32l4xx_hal_msp.o
 .debug_frame   0x0000000000000654      0x120 ./Core/Src/stm32l4xx_it.o
 .debug_frame   0x0000000000000774       0x58 ./Core/Src/system_stm32l4xx.o
 .debug_frame   0x00000000000007cc      0x498 ./Drivers/STM32L4xx_HAL_Driver/Src/stm32l4xx_hal.o
 .debug_frame   0x0000000000000c64      0x498 ./Drivers/STM32L4xx_HAL_Driver/Src/stm32l4xx_hal_cortex.o
 .debug_frame   0x00000000000010fc      0x14c ./Drivers/STM32L4xx_HAL_Driver/Src/stm32l4xx_hal_gpio.o
 .debug_frame   0x0000000000001248      0xc38 ./Drivers/STM32L4xx_HAL_Driver/Src/stm32l4xx_hal_i2c.o
 .debug_frame   0x0000000000001e80      0x100 ./Drivers/STM32L4xx_HAL_Driver/Src/stm32l4xx_hal_i2c_ex.o
 .debug_frame   0x0000000000001f80      0x584 ./Drivers/STM32L4xx_HAL_Driver/Src/stm32l4xx_hal_pwr_ex.o
 .debug_frame   0x0000000000002504      0x21c ./Drivers/STM32L4xx_HAL_Driver/Src/stm32l4xx_hal_rcc.o
 .debug_frame   0x0000000000002720      0x2fc ./Drivers/STM32L4xx_HAL_Driver/Src/stm32l4xx_hal_rcc_ex.o
 .debug_frame   0x0000000000002a1c       0x2c c:/st/stm32cubeide_1.11.0/stm32cubeide/plugins/com.st.stm32cube.ide.mcu.externaltools.gnu-tools-for-stm32.10.3-2021.10.win32_1.0.100.202210260954/tools/bin/../lib/gcc/arm-none-eabi/10.3.1/../../../../arm-none-eabi/lib/thumb/v7e-m+fp/hard\libc_nano.a(lib_a-init.o)
 .debug_frame   0x0000000000002a48       0x20 c:/st/stm32cubeide_1.11.0/stm32cubeide/plugins/com.st.stm32cube.ide.mcu.externaltools.gnu-tools-for-stm32.10.3-2021.10.win32_1.0.100.202210260954/tools/bin/../lib/gcc/arm-none-eabi/10.3.1/../../../../arm-none-eabi/lib/thumb/v7e-m+fp/hard\libc_nano.a(lib_a-memset.o)
