../Core/Src/ssd1306.c:24:6:SSD1306_Find_Device_Address	16	static
../Core/Src/ssd1306.c:38:9:SSD1306_Init	24	static
../Core/Src/ssd1306.c:250:6:SSD1306_Update_Screen	24	static
../Core/Src/ssd1306.c:272:6:SSD1306_Toggle_Invert	16	static
../Core/Src/ssd1306.c:286:6:SSD1306_Fill	24	static
../Core/Src/ssd1306.c:302:6:SSD1306_Draw_Pixel	16	static
../Core/Src/ssd1306.c:324:6:SSD1306_Go_To_XY	16	static
../Core/Src/ssd1306.c:332:6:SSD1306_Put_Char	32	static
../Core/Src/ssd1306.c:365:6:SSD1306_Put_String	24	static
../Core/Src/ssd1306.c:384:6:SSD1306_Draw_Line	40	static
../Core/Src/ssd1306.c:470:6:SSD1306_Draw_Rectangle	32	static
../Core/Src/ssd1306.c:494:6:SSD1306_Draw_Filled_Rectangle	40	static
../Core/Src/ssd1306.c:520:6:SSD1306_Draw_Triangle	32	static
../Core/Src/ssd1306.c:529:6:SSD1306_Draw_Filled_Triangle	64	static
../Core/Src/ssd1306.c:587:6:SSD1306_Draw_Circle	40	static
../Core/Src/ssd1306.c:623:6:SSD1306_Draw_Filled_Circle	48	static
../Core/Src/ssd1306.c:656:6:SSD1306_I2C_Write_Multi	24	static
../Core/Src/ssd1306.c:664:6:SSD1306_ON	16	static
../Core/Src/ssd1306.c:672:6:SSD1306_OFF	16	static
../Core/Src/ssd1306.c:680:9:SSD1306_Send_Command	32	static
../Core/Src/ssd1306.c:695:9:SSD1306_Send_Data	32	static
../Core/Src/ssd1306.c:726:9:SSD1306_Send_Row_Data	168	static
